exit=0
Listing tests:
  [chromium] › acceptance\card-gallery-visual.spec.ts:3:1 › all thirteen character card crops render in the current rules gallery
  [chromium] › acceptance\mobile-operations.spec.ts:98:1 › mobile portrait and landscape complete contextual actions and pause recovery through UI
  [chromium] › acceptance\round-rematch.spec.ts:64:1 › winner rematches through UI and every seated player must ready again
  [chromium] › acceptance\visual-layouts.spec.ts:57:1 › captures current desktop, portrait, and landscape layouts
  [chromium] › agent_product\product-entry-lobby-rules.spec.ts:3:1 › invite entry remembers nickname, sends avatar, and renders five safe lobby seats
  [chromium] › agent_product\product-entry-lobby-rules.spec.ts:30:1 › rules gallery exposes structured rules and the untouched source image
  [chromium] › agent_table\table-layout-accessibility.spec.ts:63:1 › portrait and landscape keep color, multi-select, shop payment, and core actions reachable
  [chromium] › batch1-special-cards.spec.ts:171:1 › yi shows guidance, rejects invalid support, applies valid sum-eight effect, and keeps other hands private
  [chromium] › batch1-special-cards.spec.ts:207:1 › ling shows no-target guidance, equalizes to snapshot max, and keeps other hands private
  [chromium] › batch2-shu.spec.ts:217:1 › shu three-player even distribution has no remainder and keeps other hands private
  [chromium] › batch2-shu.spec.ts:261:1 › shu three-player unique-fewest remainder is automatic without a selector
  [chromium] › batch2-shu.spec.ts:301:1 › shu three-player tied-fewest selector offers only legal recipients and settles once
  [chromium] › batch2-shu.spec.ts:352:1 › shu three-player invalid inputs preserve hand counts turn direction and discard count
  [chromium] › batch2-shu.spec.ts:401:1 › shu one-card lifecycle exposes the existing UNO declaration state and advances once
  [chromium] › batch2-shu.spec.ts:437:1 › shu empty-hand lifecycle shows one winner and rejects a post-game old action
  [chromium] › multiplayer.spec.ts:95:1 › two players complete realtime UNO, pending actions, special card, and reconnect flow
  [chromium] › response-window-foundation.spec.ts:90:1 › generic response window supports isolated three-context competition, timeout, reconnect, reset, and DOM privacy
Total: 17 tests in 10 files
