
Running 1 test using 1 worker



(node:22436) Warning: The 'NO_COLOR' env is ignored due to the 'FORCE_COLOR' env being set.
(Use `node --trace-warnings ...` to show where the warning was created)
[1/1] [chromium] › e2e\acceptance\mobile-operations.spec.ts:97:1 › mobile portrait and landscape complete contextual actions and pause recovery through UI
  1) [chromium] › e2e\acceptance\mobile-operations.spec.ts:97:1 › mobile portrait and landscape complete contextual actions and pause recovery through UI

    Error: expect(received).toEqual(expected) // deep equality

    - Expected  - 2
    + Received  + 2

      Object {
    -   "error": "",
    -   "pending": 1,
    +   "error": "Wang target must be the blocked current player",
    +   "pending": 0,
      }

    Call Log:
    - Timeout 10000ms exceeded while waiting on the predicate

      132 |       error: await hostPage.getByTestId('error-banner').textContent().catch(() => ''),
      133 |       pending: await hostPage.getByTestId('pending-action').count(),
    > 134 |     })).toEqual({ error: '', pending: 1 });
          |         ^
      135 |     await passSuiReaction(hostPage, guestPage);
      136 |     await expect(hostPage.getByTestId('pending-response-control_pass')).toBeVisible();
      137 |     await hostPage.getByTestId('pending-response-control_pass').click();
        at E:\suicardgame\frontend\e2e\acceptance\mobile-operations.spec.ts:134:9

    Error Context: test-results\acceptance-mobile-operatio-0f254-d-pause-recovery-through-UI-chromium\error-context.md


  1 failed
    [chromium] › e2e\acceptance\mobile-operations.spec.ts:97:1 › mobile portrait and landscape complete contextual actions and pause recovery through UI
