run_id=round3-production-card-final-20260929-192225
command=npm run build; npm run test:e2e:production-card
start=2026-09-29T19:22:25.2247544+08:00

> suicardgame-rebuild-frontend@0.1.0 build
> tsc && vite build

vite v8.0.16 building client environment for production...
[2K
transforming...✓ 1761 modules transformed.
rendering chunks...
computing gzip size...
dist/index.html                   0.39 kB │ gzip:  0.28 kB
dist/assets/index-C6wZ6mwv.css   51.89 kB │ gzip: 10.51 kB
dist/assets/index-D0AawrAQ.js   270.88 kB │ gzip: 87.94 kB

✓ built in 397ms

> suicardgame-rebuild-frontend@0.1.0 test:e2e:production-card
> playwright test --config=playwright.production.config.ts e2e/acceptance/production-card-render.spec.ts


Running 1 test using 1 worker

(node:15160) Warning: The 'NO_COLOR' env is ignored due to the 'FORCE_COLOR' env being set.
(Use `node --trace-warnings ...` to show where the warning was created)
  ok 1 [chromium] › e2e\acceptance\production-card-render.spec.ts:53:1 › production dist renders real CardView colors and states across hand table and shop (1.2s)

  1 passed (4.4s)
build_exit_code=0
test_exit_code=0
end=2026-09-29T19:22:32.7979535+08:00
