run_id=round3-existing17-final2-20260929-191947
command=npx playwright test acceptance/card-gallery-visual.spec.ts acceptance/mobile-operations.spec.ts acceptance/round-rematch.spec.ts acceptance/visual-layouts.spec.ts agent_product/product-entry-lobby-rules.spec.ts agent_table/table-layout-accessibility.spec.ts batch1-special-cards.spec.ts batch2-shu.spec.ts multiplayer.spec.ts response-window-foundation.spec.ts --project=chromium --reporter=line
start=2026-09-29T19:19:47.2526006+08:00

Running 17 tests using 1 worker



(node:22892) Warning: The 'NO_COLOR' env is ignored due to the 'FORCE_COLOR' env being set.
(Use `node --trace-warnings ...` to show where the warning was created)
[1/17] [chromium] › e2e\acceptance\card-gallery-visual.spec.ts:3:1 › all thirteen character card crops render in the current rules gallery
[2/17] [chromium] › e2e\acceptance\mobile-operations.spec.ts:98:1 › mobile portrait and landscape complete contextual actions and pause recovery through UI
[3/17] [chromium] › e2e\acceptance\round-rematch.spec.ts:64:1 › winner rematches through UI and every seated player must ready again
[4/17] [chromium] › e2e\acceptance\visual-layouts.spec.ts:57:1 › captures current desktop, portrait, and landscape layouts
[5/17] [chromium] › e2e\agent_product\product-entry-lobby-rules.spec.ts:3:1 › invite entry remembers nickname, sends avatar, and renders five safe lobby seats
[6/17] [chromium] › e2e\agent_product\product-entry-lobby-rules.spec.ts:30:1 › rules gallery exposes structured rules and the untouched source image
[7/17] [chromium] › e2e\agent_table\table-layout-accessibility.spec.ts:63:1 › portrait and landscape keep color, multi-select, shop payment, and core actions reachable
[8/17] [chromium] › e2e\batch1-special-cards.spec.ts:171:1 › yi shows guidance, rejects invalid support, applies valid sum-eight effect, and keeps other hands private
[9/17] [chromium] › e2e\batch1-special-cards.spec.ts:207:1 › ling shows no-target guidance, equalizes to snapshot max, and keeps other hands private
[10/17] [chromium] › e2e\batch2-shu.spec.ts:217:1 › shu three-player even distribution has no remainder and keeps other hands private
[11/17] [chromium] › e2e\batch2-shu.spec.ts:261:1 › shu three-player unique-fewest remainder is automatic without a selector
[12/17] [chromium] › e2e\batch2-shu.spec.ts:301:1 › shu three-player tied-fewest selector offers only legal recipients and settles once
[13/17] [chromium] › e2e\batch2-shu.spec.ts:352:1 › shu three-player invalid inputs preserve hand counts turn direction and discard count
[14/17] [chromium] › e2e\batch2-shu.spec.ts:401:1 › shu one-card lifecycle exposes the existing UNO declaration state and advances once
[15/17] [chromium] › e2e\batch2-shu.spec.ts:437:1 › shu empty-hand lifecycle shows one winner and rejects a post-game old action
[16/17] [chromium] › e2e\multiplayer.spec.ts:95:1 › two players complete realtime UNO, pending actions, special card, and reconnect flow
[17/17] [chromium] › e2e\response-window-foundation.spec.ts:90:1 › generic response window supports isolated three-context competition, timeout, reconnect, reset, and DOM privacy
  17 passed (1.3m)
exit_code=0
end=2026-09-29T19:21:04.3038323+08:00
