
Running 1 test using 1 worker


(node:9140) Warning: The 'NO_COLOR' env is ignored due to the 'FORCE_COLOR' env being set.
(Use `node --trace-warnings ...` to show where the warning was created)

[1/1] [chromium] › e2e\acceptance\mobile-operations.spec.ts:97:1 › mobile portrait and landscape complete contextual actions and pause recovery through UI
  1) [chromium] › e2e\acceptance\mobile-operations.spec.ts:97:1 › mobile portrait and landscape complete contextual actions and pause recovery through UI

    Error: expect(locator).toBeVisible() failed

    Locator: getByTestId('pending-response-pass')
    Expected: visible
    Timeout: 10000ms
    Error: element(s) not found

    Call log:
      - Expect "toBeVisible" with timeout 10000ms
      - waiting for getByTestId('pending-response-pass')


      89 |
      90 | async function passSuiReaction(hostPage: Page, guestPage: Page) {
    > 91 |   await expect(guestPage.getByTestId('pending-response-pass')).toBeVisible();
         |                                                                ^
      92 |   await guestPage.getByTestId('pending-response-pass').click();
      93 |   await expect(hostPage.getByTestId('pending-response-pass')).toBeVisible();
      94 |   await hostPage.getByTestId('pending-response-pass').click();
        at passSuiReaction (E:\suicardgame\frontend\e2e\acceptance\mobile-operations.spec.ts:91:64)
        at E:\suicardgame\frontend\e2e\acceptance\mobile-operations.spec.ts:131:11

    Error Context: test-results\acceptance-mobile-operatio-0f254-d-pause-recovery-through-UI-chromium\error-context.md


  1 failed
    [chromium] › e2e\acceptance\mobile-operations.spec.ts:97:1 › mobile portrait and landscape complete contextual actions and pause recovery through UI
