F....FFFFFFFFFFFFFFFFFFFFFFFFF.FFFFFFFFFFFFFFFFFFFFFFFFFF......F..FFFFF. [ 32%]
.FF.......F...F...FFFFFFFFFFFFFFFFFFFFFFFFFFFFFFF.F..F..FFFFFFF......... [ 64%]
..........FFFFFFFFFFFFFFFFF..FF.....F...FFFFFFFFFF.......FFFFFF.......F. [ 96%]
F......                                                                  [100%]
=================================== FAILURES ===================================
_________________ test_concurrent_join_allocates_unique_seats __________________
backend/tests/test_api_concurrency.py:36: in test_concurrent_join_allocates_unique_seats
    assert [status for status, _body in results] == [200] * 9
E   assert [409, 200, 20...409, 200, ...] == [200, 200, 20...200, 200, ...]
E     
E     At index 0 diff: 409 != 200
E     Use -v to get more diff
__ test_yi_valid_activation_sum_8_discards_payment_and_draws_for_others_only ___
backend/tests/test_batch1_yi_ling.py:128: in test_yi_valid_activation_sum_8_discards_payment_and_draws_for_others_only
    room_code, host, players = make_started_room(client)
backend/tests/test_batch1_yi_ling.py:44: in make_started_room
    assert start.status_code == 200
E   assert 400 == 200
E    +  where 400 = <Response [400 Bad Request]>.status_code
____________ test_yi_reject_non_number_support_without_side_effects ____________
backend/tests/test_batch1_yi_ling.py:166: in test_yi_reject_non_number_support_without_side_effects
    room_code, host, players = make_started_room(client)
backend/tests/test_batch1_yi_ling.py:44: in make_started_room
    assert start.status_code == 200
E   assert 400 == 200
E    +  where 400 = <Response [400 Bad Request]>.status_code
________________ test_yi_reject_sum_not_8_without_side_effects _________________
backend/tests/test_batch1_yi_ling.py:179: in test_yi_reject_sum_not_8_without_side_effects
    room_code, host, players = make_started_room(client)
backend/tests/test_batch1_yi_ling.py:44: in make_started_room
    assert start.status_code == 200
E   assert 400 == 200
E    +  where 400 = <Response [400 Bad Request]>.status_code
__________ test_yi_reject_support_card_not_owned_without_side_effects __________
backend/tests/test_batch1_yi_ling.py:192: in test_yi_reject_support_card_not_owned_without_side_effects
    room_code, host, players = make_started_room(client)
backend/tests/test_batch1_yi_ling.py:44: in make_started_room
    assert start.status_code == 200
E   assert 400 == 200
E    +  where 400 = <Response [400 Bad Request]>.status_code
____ test_ling_valid_activation_equalizes_to_snapshot_max_and_advances_turn ____
backend/tests/test_batch1_yi_ling.py:205: in test_ling_valid_activation_equalizes_to_snapshot_max_and_advances_turn
    room_code, host, players = make_started_room(client)
backend/tests/test_batch1_yi_ling.py:44: in make_started_room
    assert start.status_code == 200
E   assert 400 == 200
E    +  where 400 = <Response [400 Bad Request]>.status_code
_____________ test_ling_all_equal_no_extra_draw_from_snapshot_max ______________
backend/tests/test_batch1_yi_ling.py:233: in test_ling_all_equal_no_extra_draw_from_snapshot_max
    room_code, host, players = make_started_room(client)
backend/tests/test_batch1_yi_ling.py:44: in make_started_room
    assert start.status_code == 200
E   assert 400 == 200
E    +  where 400 = <Response [400 Bad Request]>.status_code
_____________ test_ling_user_below_max_also_draws_to_snapshot_max ______________
backend/tests/test_batch1_yi_ling.py:260: in test_ling_user_below_max_also_draws_to_snapshot_max
    room_code, host, players = make_started_room(client)
backend/tests/test_batch1_yi_ling.py:44: in make_started_room
    assert start.status_code == 200
E   assert 400 == 200
E    +  where 400 = <Response [400 Bad Request]>.status_code
__________ test_ling_deck_reshuffle_when_needed_preserves_card_counts __________
backend/tests/test_batch1_yi_ling.py:283: in test_ling_deck_reshuffle_when_needed_preserves_card_counts
    room_code, host, players = make_started_room(client)
backend/tests/test_batch1_yi_ling.py:44: in make_started_room
    assert start.status_code == 200
E   assert 400 == 200
E    +  where 400 = <Response [400 Bad Request]>.status_code
____________ test_batch1_http_missing_and_invalid_session_rejected _____________
backend/tests/test_batch1_yi_ling_security.py:110: in test_batch1_http_missing_and_invalid_session_rejected
    room_code, host, players = make_started_room(client)
backend/tests/test_batch1_yi_ling_security.py:45: in make_started_room
    assert start.status_code == 200
E   assert 400 == 200
E    +  where 400 = <Response [400 Bad Request]>.status_code
____________ test_yi_reject_non_current_player_and_player_id_spoof _____________
backend/tests/test_batch1_yi_ling_security.py:126: in test_yi_reject_non_current_player_and_player_id_spoof
    room_code, host, players = make_started_room(client)
backend/tests/test_batch1_yi_ling_security.py:45: in make_started_room
    assert start.status_code == 200
E   assert 400 == 200
E    +  where 400 = <Response [400 Bad Request]>.status_code
___________ test_ling_reject_non_current_player_and_player_id_spoof ____________
backend/tests/test_batch1_yi_ling_security.py:142: in test_ling_reject_non_current_player_and_player_id_spoof
    room_code, host, players = make_started_room(client)
backend/tests/test_batch1_yi_ling_security.py:45: in make_started_room
    assert start.status_code == 200
E   assert 400 == 200
E    +  where 400 = <Response [400 Bad Request]>.status_code
__________ test_batch1_ws_invalid_identity_rejected_without_mutation ___________
backend/tests/test_batch1_yi_ling_security.py:158: in test_batch1_ws_invalid_identity_rejected_without_mutation
    room_code, host, players = make_started_room(client)
backend/tests/test_batch1_yi_ling_security.py:45: in make_started_room
    assert start.status_code == 200
E   assert 400 == 200
E    +  where 400 = <Response [400 Bad Request]>.status_code
____ test_yi_duplicate_action_id_no_double_apply_and_stale_version_rejected ____
backend/tests/test_batch1_yi_ling_security.py:184: in test_yi_duplicate_action_id_no_double_apply_and_stale_version_rejected
    room_code, host, players = make_started_room(client)
backend/tests/test_batch1_yi_ling_security.py:45: in make_started_room
    assert start.status_code == 200
E   assert 400 == 200
E    +  where 400 = <Response [400 Bad Request]>.status_code
___ test_ling_duplicate_action_id_no_double_apply_and_stale_version_rejected ___
backend/tests/test_batch1_yi_ling_security.py:216: in test_ling_duplicate_action_id_no_double_apply_and_stale_version_rejected
    room_code, host, players = make_started_room(client)
backend/tests/test_batch1_yi_ling_security.py:45: in make_started_room
    assert start.status_code == 200
E   assert 400 == 200
E    +  where 400 = <Response [400 Bad Request]>.status_code
_____ test_yi_snapshot_privacy_public_no_full_hands_private_own_hand_only ______
backend/tests/test_batch1_yi_ling_snapshots.py:101: in test_yi_snapshot_privacy_public_no_full_hands_private_own_hand_only
    room_code, host, players = make_started_room(client)
backend/tests/test_batch1_yi_ling_snapshots.py:40: in make_started_room
    assert start.status_code == 200
E   assert 400 == 200
E    +  where 400 = <Response [400 Bad Request]>.status_code
____ test_ling_snapshot_privacy_public_no_full_hands_private_own_hand_only _____
backend/tests/test_batch1_yi_ling_snapshots.py:115: in test_ling_snapshot_privacy_public_no_full_hands_private_own_hand_only
    room_code, host, players = make_started_room(client)
backend/tests/test_batch1_yi_ling_snapshots.py:40: in make_started_room
    assert start.status_code == 200
E   assert 400 == 200
E    +  where 400 = <Response [400 Bad Request]>.status_code
_______________________ test_shu_valid_even_distribution _______________________
backend/tests/test_batch2_shu.py:118: in test_shu_valid_even_distribution
    room_code, host, players = make_started_room(client)
backend/tests/test_batch2_shu.py:54: in make_started_room
    assert start.status_code == 200
E   assert 400 == 200
E    +  where 400 = <Response [400 Bad Request]>.status_code
_______________ test_shu_valid_remainder_to_unique_fewest_player _______________
backend/tests/test_batch2_shu.py:162: in test_shu_valid_remainder_to_unique_fewest_player
    room_code, host, players = make_started_room(client)
backend/tests/test_batch2_shu.py:54: in make_started_room
    assert start.status_code == 200
E   assert 400 == 200
E    +  where 400 = <Response [400 Bad Request]>.status_code
_____________ test_shu_remainder_requires_choice_when_fewest_tied ______________
backend/tests/test_batch2_shu.py:194: in test_shu_remainder_requires_choice_when_fewest_tied
    room_code, host, players = make_started_room(client)
backend/tests/test_batch2_shu.py:54: in make_started_room
    assert start.status_code == 200
E   assert 400 == 200
E    +  where 400 = <Response [400 Bad Request]>.status_code
_________________ test_shu_reject_invalid_remainder_recipient __________________
backend/tests/test_batch2_shu.py:212: in test_shu_reject_invalid_remainder_recipient
    room_code, host, players = make_started_room(client)
backend/tests/test_batch2_shu.py:54: in make_started_room
    assert start.status_code == 200
E   assert 400 == 200
E    +  where 400 = <Response [400 Bad Request]>.status_code
____________ test_shu_reject_current_player_as_remainder_recipient _____________
backend/tests/test_batch2_shu.py:238: in test_shu_reject_current_player_as_remainder_recipient
    room_code, host, players = make_started_room(client)
backend/tests/test_batch2_shu.py:54: in make_started_room
    assert start.status_code == 200
E   assert 400 == 200
E    +  where 400 = <Response [400 Bad Request]>.status_code
__________ test_shu_remainder_recipient_id_selects_tied_fewest_player __________
backend/tests/test_batch2_shu.py:264: in test_shu_remainder_recipient_id_selects_tied_fewest_player
    room_code, host, players = make_started_room(client)
backend/tests/test_batch2_shu.py:54: in make_started_room
    assert start.status_code == 200
E   assert 400 == 200
E    +  where 400 = <Response [400 Bad Request]>.status_code
_____________ test_shu_reject_color_count_less_than_other_players ______________
backend/tests/test_batch2_shu.py:296: in test_shu_reject_color_count_less_than_other_players
    room_code, host, players = make_started_room(client)
backend/tests/test_batch2_shu.py:54: in make_started_room
    assert start.status_code == 200
E   assert 400 == 200
E    +  where 400 = <Response [400 Bad Request]>.status_code
________________________ test_shu_reject_invalid_color _________________________
backend/tests/test_batch2_shu.py:315: in test_shu_reject_invalid_color
    room_code, host, players = make_started_room(client)
backend/tests/test_batch2_shu.py:54: in make_started_room
    assert start.status_code == 200
E   assert 400 == 200
E    +  where 400 = <Response [400 Bad Request]>.status_code
__________________ test_shu_only_moves_current_players_cards ___________________
backend/tests/test_batch2_shu.py:333: in test_shu_only_moves_current_players_cards
    room_code, host, players = make_started_room(client)
backend/tests/test_batch2_shu.py:54: in make_started_room
    assert start.status_code == 200
E   assert 400 == 200
E    +  where 400 = <Response [400 Bad Request]>.status_code
___________ test_step7r_shu_legacy_remainder_player_id_is_compatible ___________
backend/tests/test_batch2_shu.py:425: in test_step7r_shu_legacy_remainder_player_id_is_compatible
    room_code, host, players = make_started_room(client)
backend/tests/test_batch2_shu.py:54: in make_started_room
    assert start.status_code == 200
E   assert 400 == 200
E    +  where 400 = <Response [400 Bad Request]>.status_code
____________ test_step7r_shu_both_remainder_fields_same_apply_once _____________
backend/tests/test_batch2_shu.py:452: in test_step7r_shu_both_remainder_fields_same_apply_once
    room_code, host, players = make_started_room(client)
backend/tests/test_batch2_shu.py:54: in make_started_room
    assert start.status_code == 200
E   assert 400 == 200
E    +  where 400 = <Response [400 Bad Request]>.status_code
__________ test_step7r_shu_conflicting_remainder_fields_are_rejected ___________
backend/tests/test_batch2_shu.py:484: in test_step7r_shu_conflicting_remainder_fields_are_rejected
    room_code, host, players = make_started_room(client)
backend/tests/test_batch2_shu.py:54: in make_started_room
    assert start.status_code == 200
E   assert 400 == 200
E    +  where 400 = <Response [400 Bad Request]>.status_code
______ test_step7r_shu_conflicting_remainder_fields_leave_state_unchanged ______
backend/tests/test_batch2_shu.py:509: in test_step7r_shu_conflicting_remainder_fields_leave_state_unchanged
    room_code, host, players = make_started_room(client)
backend/tests/test_batch2_shu.py:54: in make_started_room
    assert start.status_code == 200
E   assert 400 == 200
E    +  where 400 = <Response [400 Bad Request]>.status_code
_ test_step7r_invalid_remainder_recipient_rejected_without_state_change[missing] _
backend/tests/test_batch2_shu.py:536: in test_step7r_invalid_remainder_recipient_rejected_without_state_change
    room_code, host, players = make_started_room(client)
backend/tests/test_batch2_shu.py:54: in make_started_room
    assert start.status_code == 200
E   assert 400 == 200
E    +  where 400 = <Response [400 Bad Request]>.status_code
_ test_step7r_invalid_remainder_recipient_rejected_without_state_change[current] _
backend/tests/test_batch2_shu.py:536: in test_step7r_invalid_remainder_recipient_rejected_without_state_change
    room_code, host, players = make_started_room(client)
backend/tests/test_batch2_shu.py:54: in make_started_room
    assert start.status_code == 200
E   assert 400 == 200
E    +  where 400 = <Response [400 Bad Request]>.status_code
_ test_step7r_invalid_remainder_recipient_rejected_without_state_change[non_minimum] _
backend/tests/test_batch2_shu.py:536: in test_step7r_invalid_remainder_recipient_rejected_without_state_change
    room_code, host, players = make_started_room(client)
backend/tests/test_batch2_shu.py:54: in make_started_room
    assert start.status_code == 200
E   assert 400 == 200
E    +  where 400 = <Response [400 Bad Request]>.status_code
_ test_step7r_invalid_remainder_recipient_rejected_without_state_change[nonexistent] _
backend/tests/test_batch2_shu.py:536: in test_step7r_invalid_remainder_recipient_rejected_without_state_change
    room_code, host, players = make_started_room(client)
backend/tests/test_batch2_shu.py:54: in make_started_room
    assert start.status_code == 200
E   assert 400 == 200
E    +  where 400 = <Response [400 Bad Request]>.status_code
______ test_step7r_shu_duplicate_action_id_preserves_full_sanitized_state ______
backend/tests/test_batch2_shu.py:566: in test_step7r_shu_duplicate_action_id_preserves_full_sanitized_state
    room_code, host, players = make_started_room(client)
backend/tests/test_batch2_shu.py:54: in make_started_room
    assert start.status_code == 200
E   assert 400 == 200
E    +  where 400 = <Response [400 Bad Request]>.status_code
_________ test_step7r_shu_stale_version_preserves_full_sanitized_state _________
backend/tests/test_batch2_shu.py:603: in test_step7r_shu_stale_version_preserves_full_sanitized_state
    room_code, host, players = make_started_room(client)
backend/tests/test_batch2_shu.py:54: in make_started_room
    assert start.status_code == 200
E   assert 400 == 200
E    +  where 400 = <Response [400 Bad Request]>.status_code
____________ test_step7r_successful_shu_advances_exactly_once[1-1] _____________
backend/tests/test_batch2_shu.py:627: in test_step7r_successful_shu_advances_exactly_once
    room_code, host, players = make_started_room(client)
backend/tests/test_batch2_shu.py:54: in make_started_room
    assert start.status_code == 200
E   assert 400 == 200
E    +  where 400 = <Response [400 Bad Request]>.status_code
____________ test_step7r_successful_shu_advances_exactly_once[-1-2] ____________
backend/tests/test_batch2_shu.py:627: in test_step7r_successful_shu_advances_exactly_once
    room_code, host, players = make_started_room(client)
backend/tests/test_batch2_shu.py:54: in make_started_room
    assert start.status_code == 200
E   assert 400 == 200
E    +  where 400 = <Response [400 Bad Request]>.status_code
_____ test_step7r_shu_two_cards_remaining_continues_without_uno_or_winner ______
backend/tests/test_batch2_shu.py:657: in test_step7r_shu_two_cards_remaining_continues_without_uno_or_winner
    room_code, host, players = make_started_room(client)
backend/tests/test_batch2_shu.py:54: in make_started_room
    assert start.status_code == 200
E   assert 400 == 200
E    +  where 400 = <Response [400 Bad Request]>.status_code
___ test_step7r_shu_one_card_remaining_opens_uno_window_and_snapshots_match ____
backend/tests/test_batch2_shu.py:684: in test_step7r_shu_one_card_remaining_opens_uno_window_and_snapshots_match
    room_code, host, players = make_started_room(client)
backend/tests/test_batch2_shu.py:54: in make_started_room
    assert start.status_code == 200
E   assert 400 == 200
E    +  where 400 = <Response [400 Bad Request]>.status_code
_______ test_step7r_shu_empty_hand_finishes_once_and_blocks_old_commands _______
backend/tests/test_batch2_shu.py:721: in test_step7r_shu_empty_hand_finishes_once_and_blocks_old_commands
    room_code, host, players = make_started_room(client)
backend/tests/test_batch2_shu.py:54: in make_started_room
    assert start.status_code == 200
E   assert 400 == 200
E    +  where 400 = <Response [400 Bad Request]>.status_code
_____ test_step7r_invalid_shu_preserves_turn_direction_uno_and_game_state ______
backend/tests/test_batch2_shu.py:773: in test_step7r_invalid_shu_preserves_turn_direction_uno_and_game_state
    room_code, host, players = make_started_room(client)
backend/tests/test_batch2_shu.py:54: in make_started_room
    assert start.status_code == 200
E   assert 400 == 200
E    +  where 400 = <Response [400 Bad Request]>.status_code
__________________ test_batch2_http_missing_session_rejected ___________________
backend/tests/test_batch2_shu_security.py:91: in test_batch2_http_missing_session_rejected
    room_code, host, players = make_started_room(client)
backend/tests/test_batch2_shu_security.py:45: in make_started_room
    assert start.status_code == 200
E   assert 400 == 200
E    +  where 400 = <Response [400 Bad Request]>.status_code
__________________ test_batch2_http_invalid_session_rejected ___________________
backend/tests/test_batch2_shu_security.py:104: in test_batch2_http_invalid_session_rejected
    room_code, host, players = make_started_room(client)
backend/tests/test_batch2_shu_security.py:45: in make_started_room
    assert start.status_code == 200
E   assert 400 == 200
E    +  where 400 = <Response [400 Bad Request]>.status_code
______________________ test_shu_reject_non_current_player ______________________
backend/tests/test_batch2_shu_security.py:117: in test_shu_reject_non_current_player
    room_code, _host, players = make_started_room(client)
backend/tests/test_batch2_shu_security.py:45: in make_started_room
    assert start.status_code == 200
E   assert 400 == 200
E    +  where 400 = <Response [400 Bad Request]>.status_code
_______________________ test_shu_reject_player_id_spoof ________________________
backend/tests/test_batch2_shu_security.py:131: in test_shu_reject_player_id_spoof
    room_code, host, players = make_started_room(client)
backend/tests/test_batch2_shu_security.py:45: in make_started_room
    assert start.status_code == 200
E   assert 400 == 200
E    +  where 400 = <Response [400 Bad Request]>.status_code
___________________ test_batch2_ws_invalid_identity_rejected ___________________
backend/tests/test_batch2_shu_security.py:145: in test_batch2_ws_invalid_identity_rejected
    room_code, host, players = make_started_room(client)
backend/tests/test_batch2_shu_security.py:45: in make_started_room
    assert start.status_code == 200
E   assert 400 == 200
E    +  where 400 = <Response [400 Bad Request]>.status_code
_________________ test_shu_duplicate_action_id_no_double_apply _________________
backend/tests/test_batch2_shu_security.py:171: in test_shu_duplicate_action_id_no_double_apply
    room_code, host, players = make_started_room(client)
backend/tests/test_batch2_shu_security.py:45: in make_started_room
    assert start.status_code == 200
E   assert 400 == 200
E    +  where 400 = <Response [400 Bad Request]>.status_code
________________ test_shu_stale_expected_state_version_rejected ________________
backend/tests/test_batch2_shu_security.py:205: in test_shu_stale_expected_state_version_rejected
    room_code, host, players = make_started_room(client)
backend/tests/test_batch2_shu_security.py:45: in make_started_room
    assert start.status_code == 200
E   assert 400 == 200
E    +  where 400 = <Response [400 Bad Request]>.status_code
__________________________ test_shu_snapshot_privacy ___________________________
backend/tests/test_batch2_shu_snapshots.py:81: in test_shu_snapshot_privacy
    room_code, host, players = make_started_room(client)
backend/tests/test_batch2_shu_snapshots.py:40: in make_started_room
    assert start.status_code == 200
E   assert 400 == 200
E    +  where 400 = <Response [400 Bad Request]>.status_code
__________________ test_batch2_public_snapshot_no_full_hands ___________________
backend/tests/test_batch2_shu_snapshots.py:96: in test_batch2_public_snapshot_no_full_hands
    room_code, host, players = make_started_room(client)
backend/tests/test_batch2_shu_snapshots.py:40: in make_started_room
    assert start.status_code == 200
E   assert 400 == 200
E    +  where 400 = <Response [400 Bad Request]>.status_code
__________________ test_batch2_private_snapshot_own_hand_only __________________
backend/tests/test_batch2_shu_snapshots.py:109: in test_batch2_private_snapshot_own_hand_only
    room_code, host, players = make_started_room(client)
backend/tests/test_batch2_shu_snapshots.py:40: in make_started_room
    assert start.status_code == 200
E   assert 400 == 200
E    +  where 400 = <Response [400 Bad Request]>.status_code
________ test_reconnect_returns_new_token_and_old_token_becomes_invalid ________
backend/tests/test_go_live_fixes.py:54: in test_reconnect_returns_new_token_and_old_token_becomes_invalid
    room_code, host, _guest = make_started_room(client)
backend/tests/test_go_live_fixes.py:43: in make_started_room
    assert start.status_code == 200
E   assert 400 == 200
E    +  where 400 = <Response [400 Bad Request]>.status_code
____________ test_expire_ji_prompt_advances_turn_and_closes_effect _____________
backend/tests/test_go_live_fixes.py:134: in test_expire_ji_prompt_advances_turn_and_closes_effect
    room_code, host, _players = make_started_room(client, 2)
backend/tests/test_go_live_fixes.py:43: in make_started_room
    assert start.status_code == 200
E   assert 400 == 200
E    +  where 400 = <Response [400 Bad Request]>.status_code
______________ test_expire_special_prompt_before_deadline_is_noop ______________
backend/tests/test_go_live_fixes.py:174: in test_expire_special_prompt_before_deadline_is_noop
    room_code, host, _players = make_started_room(client, 2)
backend/tests/test_go_live_fixes.py:43: in make_started_room
    assert start.status_code == 200
E   assert 400 == 200
E    +  where 400 = <Response [400 Bad Request]>.status_code
_____________ test_reshuffle_discard_happens_at_most_once_per_game _____________
backend/tests/test_go_live_fixes.py:210: in test_reshuffle_discard_happens_at_most_once_per_game
    room_code, host, _players = make_started_room(client, 2)
backend/tests/test_go_live_fixes.py:43: in make_started_room
    assert start.status_code == 200
E   assert 400 == 200
E    +  where 400 = <Response [400 Bad Request]>.status_code
__ test_draw_returns_zero_when_deck_fully_exhausted_then_finish_by_hand_count __
backend/tests/test_go_live_fixes.py:241: in test_draw_returns_zero_when_deck_fully_exhausted_then_finish_by_hand_count
    room_code, host, players = make_started_room(client, 2)
backend/tests/test_go_live_fixes.py:43: in make_started_room
    assert start.status_code == 200
E   assert 400 == 200
E    +  where 400 = <Response [400 Bad Request]>.status_code
______ test_http_command_missing_session_is_rejected_without_side_effects ______
backend/tests/test_http_command_auth.py:61: in test_http_command_missing_session_is_rejected_without_side_effects
    started_code, started_host, _started_players = make_started_room(client)
backend/tests/test_http_command_auth.py:46: in make_started_room
    assert response.status_code == 200
E   assert 400 == 200
E    +  where 400 = <Response [400 Bad Request]>.status_code
________ test_http_host_only_commands_are_bound_to_authenticated_player ________
backend/tests/test_http_command_auth.py:119: in test_http_host_only_commands_are_bound_to_authenticated_player
    assert start.status_code == 200
E   assert 400 == 200
E    +  where 400 = <Response [400 Bad Request]>.status_code
______ test_http_current_player_actions_are_bound_to_authenticated_player ______
backend/tests/test_http_command_auth.py:135: in test_http_current_player_actions_are_bound_to_authenticated_player
    room_code, host, players = make_started_room(client)
backend/tests/test_http_command_auth.py:46: in make_started_room
    assert response.status_code == 200
E   assert 400 == 200
E    +  where 400 = <Response [400 Bad Request]>.status_code
___________ test_two_player_flow_broadcasts_play_draw_and_reconnects ___________
backend/tests/test_multiplayer_flow.py:39: in test_two_player_flow_broadcasts_play_draw_and_reconnects
    assert command(client, room_code, host, "START_GAME", {"seed": 9}, "start-game").status_code == 200
E   AssertionError: assert 400 == 200
E    +  where 400 = <Response [400 Bad Request]>.status_code
E    +    where <Response [400 Bad Request]> = command(<starlette.testclient.TestClient object at 0x7f8400ee1760>, 'TWWUWY', {'is_host': True, 'player_id': '188569ba52fa4d91a771d1465a07cbf4', 'reconnect_token': 'REDACTED', 'room_code': 'TWWUWY', ...}, 'START_GAME', {'seed': 9}, 'start-game')
___________________ test_started_room_survives_memory_reload ___________________
backend/tests/test_persistence.py:47: in test_started_room_survives_memory_reload
    assert start.status_code == 200
E   assert 400 == 200
E    +  where 400 = <Response [400 Bad Request]>.status_code
_________ test_reconnect_returns_private_snapshot_and_rotates_session __________
backend/tests/test_reconnection.py:42: in test_reconnect_returns_private_snapshot_and_rotates_session
    room_code, host, _guest = make_started_two_player_room(client)
backend/tests/test_reconnection.py:35: in make_started_two_player_room
    assert start.status_code == 200
E   assert 400 == 200
E    +  where 400 = <Response [400 Bad Request]>.status_code
_______________________ test_reconnect_rejects_bad_token _______________________
backend/tests/test_reconnection.py:72: in test_reconnect_rejects_bad_token
    room_code, host, _guest = make_started_two_player_room(client)
backend/tests/test_reconnection.py:35: in make_started_two_player_room
    assert start.status_code == 200
E   assert 400 == 200
E    +  where 400 = <Response [400 Bad Request]>.status_code
________ test_websocket_authenticated_private_snapshot_is_player_scoped ________
backend/tests/test_reconnection.py:87: in test_websocket_authenticated_private_snapshot_is_player_scoped
    room_code, host, guest = make_started_two_player_room(client)
backend/tests/test_reconnection.py:35: in make_started_two_player_room
    assert start.status_code == 200
E   assert 400 == 200
E    +  where 400 = <Response [400 Bad Request]>.status_code
__________________ test_websocket_missing_session_is_rejected __________________
backend/tests/test_reconnection.py:120: in test_websocket_missing_session_is_rejected
    room_code, host, _guest = make_started_two_player_room(client)
backend/tests/test_reconnection.py:35: in make_started_two_player_room
    assert start.status_code == 200
E   assert 400 == 200
E    +  where 400 = <Response [400 Bad Request]>.status_code
_______ test_authenticated_websocket_broadcast_includes_private_snapshot _______
backend/tests/test_reconnection.py:132: in test_authenticated_websocket_broadcast_includes_private_snapshot
    room_code, host, _guest = make_started_two_player_room(client)
backend/tests/test_reconnection.py:35: in make_started_two_player_room
    assert start.status_code == 200
E   assert 400 == 200
E    +  where 400 = <Response [400 Bad Request]>.status_code
_________ test_generic_prompt_identity_and_metadata_are_card_agnostic __________
backend/tests/test_response_window_foundation.py:66: in test_generic_prompt_identity_and_metadata_are_card_agnostic
    room, host, responder_a, responder_b, _outsider = make_started_room(monkeypatch)
backend/tests/test_response_window_foundation.py:21: in make_started_room
    process_command(
backend/app/engine/command_handler.py:844: in process_command
    return _remember(room, command, start_game(room, seed=command.payload.get("seed")))
backend/app/engine/command_handler.py:758: in start_game
    raise CommandError("所有在座且在线玩家都准备后才能开始", code="PLAYERS_NOT_READY")
E   backend.app.engine.command_handler.CommandError: 所有在座且在线玩家都准备后才能开始
________________ test_first_wins_consumes_once_and_resumes_once ________________
backend/tests/test_response_window_foundation.py:82: in test_first_wins_consumes_once_and_resumes_once
    room, host, responder_a, responder_b, _outsider = make_started_room(monkeypatch)
backend/tests/test_response_window_foundation.py:21: in make_started_room
    process_command(
backend/app/engine/command_handler.py:844: in process_command
    return _remember(room, command, start_game(room, seed=command.payload.get("seed")))
backend/app/engine/command_handler.py:758: in start_game
    raise CommandError("所有在座且在线玩家都准备后才能开始", code="PLAYERS_NOT_READY")
E   backend.app.engine.command_handler.CommandError: 所有在座且在线玩家都准备后才能开始
__________________ test_first_wins_is_atomic_under_room_lock ___________________
backend/tests/test_response_window_foundation.py:102: in test_first_wins_is_atomic_under_room_lock
    room, host, responder_a, responder_b, _outsider = make_started_room(monkeypatch)
backend/tests/test_response_window_foundation.py:21: in make_started_room
    process_command(
backend/app/engine/command_handler.py:844: in process_command
    return _remember(room, command, start_game(room, seed=command.payload.get("seed")))
backend/app/engine/command_handler.py:758: in start_game
    raise CommandError("所有在座且在线玩家都准备后才能开始", code="PLAYERS_NOT_READY")
E   backend.app.engine.command_handler.CommandError: 所有在座且在线玩家都准备后才能开始
___________ test_sequential_policy_enforces_order_and_completes_once ___________
backend/tests/test_response_window_foundation.py:122: in test_sequential_policy_enforces_order_and_completes_once
    room, host, responder_a, responder_b, _outsider = make_started_room(monkeypatch)
backend/tests/test_response_window_foundation.py:21: in make_started_room
    process_command(
backend/app/engine/command_handler.py:844: in process_command
    return _remember(room, command, start_game(room, seed=command.payload.get("seed")))
backend/app/engine/command_handler.py:758: in start_game
    raise CommandError("所有在座且在线玩家都准备后才能开始", code="PLAYERS_NOT_READY")
E   backend.app.engine.command_handler.CommandError: 所有在座且在线玩家都准备后才能开始
__________________ test_all_policy_waits_for_every_responder ___________________
backend/tests/test_response_window_foundation.py:136: in test_all_policy_waits_for_every_responder
    room, host, responder_a, responder_b, _outsider = make_started_room(monkeypatch)
backend/tests/test_response_window_foundation.py:21: in make_started_room
    process_command(
backend/app/engine/command_handler.py:844: in process_command
    return _remember(room, command, start_game(room, seed=command.payload.get("seed")))
backend/app/engine/command_handler.py:758: in start_game
    raise CommandError("所有在座且在线玩家都准备后才能开始", code="PLAYERS_NOT_READY")
E   backend.app.engine.command_handler.CommandError: 所有在座且在线玩家都准备后才能开始
_________ test_action_id_replay_is_idempotent_after_prompt_consumption _________
backend/tests/test_response_window_foundation.py:150: in test_action_id_replay_is_idempotent_after_prompt_consumption
    room, host, responder_a, responder_b, _outsider = make_started_room(monkeypatch)
backend/tests/test_response_window_foundation.py:21: in make_started_room
    process_command(
backend/app/engine/command_handler.py:844: in process_command
    return _remember(room, command, start_game(room, seed=command.payload.get("seed")))
backend/app/engine/command_handler.py:758: in start_game
    raise CommandError("所有在座且在线玩家都准备后才能开始", code="PLAYERS_NOT_READY")
E   backend.app.engine.command_handler.CommandError: 所有在座且在线玩家都准备后才能开始
__________ test_stale_expected_state_version_rejects_without_mutation __________
backend/tests/test_response_window_foundation.py:161: in test_stale_expected_state_version_rejects_without_mutation
    room, host, responder_a, responder_b, _outsider = make_started_room(monkeypatch)
backend/tests/test_response_window_foundation.py:21: in make_started_room
    process_command(
backend/app/engine/command_handler.py:844: in process_command
    return _remember(room, command, start_game(room, seed=command.payload.get("seed")))
backend/app/engine/command_handler.py:758: in start_game
    raise CommandError("所有在座且在线玩家都准备后才能开始", code="PLAYERS_NOT_READY")
E   backend.app.engine.command_handler.CommandError: 所有在座且在线玩家都准备后才能开始
_____________ test_expiry_applies_default_and_resume_exactly_once ______________
backend/tests/test_response_window_lifecycle.py:17: in test_expiry_applies_default_and_resume_exactly_once
    room, host, responder_a, responder_b, _outsider = make_started_room(monkeypatch)
backend/tests/test_response_window_foundation.py:21: in make_started_room
    process_command(
backend/app/engine/command_handler.py:844: in process_command
    return _remember(room, command, start_game(room, seed=command.payload.get("seed")))
backend/app/engine/command_handler.py:758: in start_game
    raise CommandError("所有在座且在线玩家都准备后才能开始", code="PLAYERS_NOT_READY")
E   backend.app.engine.command_handler.CommandError: 所有在座且在线玩家都准备后才能开始
________________ test_response_at_or_after_deadline_is_rejected ________________
backend/tests/test_response_window_lifecycle.py:37: in test_response_at_or_after_deadline_is_rejected
    room, host, responder_a, _responder_b, _outsider = make_started_room(monkeypatch)
backend/tests/test_response_window_foundation.py:21: in make_started_room
    process_command(
backend/app/engine/command_handler.py:844: in process_command
    return _remember(room, command, start_game(room, seed=command.payload.get("seed")))
backend/app/engine/command_handler.py:758: in start_game
    raise CommandError("所有在座且在线玩家都准备后才能开始", code="PLAYERS_NOT_READY")
E   backend.app.engine.command_handler.CommandError: 所有在座且在线玩家都准备后才能开始
____________ test_reset_invalidates_old_prompt_and_old_game_command ____________
backend/tests/test_response_window_lifecycle.py:47: in test_reset_invalidates_old_prompt_and_old_game_command
    room, host, responder_a, _responder_b, _outsider = make_started_room(monkeypatch)
backend/tests/test_response_window_foundation.py:21: in make_started_room
    process_command(
backend/app/engine/command_handler.py:844: in process_command
    return _remember(room, command, start_game(room, seed=command.payload.get("seed")))
backend/app/engine/command_handler.py:758: in start_game
    raise CommandError("所有在座且在线玩家都准备后才能开始", code="PLAYERS_NOT_READY")
E   backend.app.engine.command_handler.CommandError: 所有在座且在线玩家都准备后才能开始
_____________ test_rematch_invalidates_prompt_before_dropping_game _____________
backend/tests/test_response_window_lifecycle.py:71: in test_rematch_invalidates_prompt_before_dropping_game
    room, host, responder_a, _responder_b, _outsider = make_started_room(monkeypatch)
backend/tests/test_response_window_foundation.py:21: in make_started_room
    process_command(
backend/app/engine/command_handler.py:844: in process_command
    return _remember(room, command, start_game(room, seed=command.payload.get("seed")))
backend/app/engine/command_handler.py:758: in start_game
    raise CommandError("所有在座且在线玩家都准备后才能开始", code="PLAYERS_NOT_READY")
E   backend.app.engine.command_handler.CommandError: 所有在座且在线玩家都准备后才能开始
__________ test_close_cancels_open_prompt_and_rejects_future_commands __________
backend/tests/test_response_window_lifecycle.py:81: in test_close_cancels_open_prompt_and_rejects_future_commands
    room, host, responder_a, _responder_b, _outsider = make_started_room(monkeypatch)
backend/tests/test_response_window_foundation.py:21: in make_started_room
    process_command(
backend/app/engine/command_handler.py:844: in process_command
    return _remember(room, command, start_game(room, seed=command.payload.get("seed")))
backend/app/engine/command_handler.py:758: in start_game
    raise CommandError("所有在座且在线玩家都准备后才能开始", code="PLAYERS_NOT_READY")
E   backend.app.engine.command_handler.CommandError: 所有在座且在线玩家都准备后才能开始
_____________________ test_game_finish_cancels_open_prompt _____________________
backend/tests/test_response_window_lifecycle.py:94: in test_game_finish_cancels_open_prompt
    room, host, responder_a, _responder_b, _outsider = make_started_room(monkeypatch)
backend/tests/test_response_window_foundation.py:21: in make_started_room
    process_command(
backend/app/engine/command_handler.py:844: in process_command
    return _remember(room, command, start_game(room, seed=command.payload.get("seed")))
backend/app/engine/command_handler.py:758: in start_game
    raise CommandError("所有在座且在线玩家都准备后才能开始", code="PLAYERS_NOT_READY")
E   backend.app.engine.command_handler.CommandError: 所有在座且在线玩家都准备后才能开始
____________________ test_new_game_epoch_rejects_old_prompt ____________________
backend/tests/test_response_window_lifecycle.py:104: in test_new_game_epoch_rejects_old_prompt
    room, host, responder_a, _responder_b, _outsider = make_started_room(monkeypatch)
backend/tests/test_response_window_foundation.py:21: in make_started_room
    process_command(
backend/app/engine/command_handler.py:844: in process_command
    return _remember(room, command, start_game(room, seed=command.payload.get("seed")))
backend/app/engine/command_handler.py:758: in start_game
    raise CommandError("所有在座且在线玩家都准备后才能开始", code="PLAYERS_NOT_READY")
E   backend.app.engine.command_handler.CommandError: 所有在座且在线玩家都准备后才能开始
____ test_public_summary_has_no_responder_identity_private_options_or_hands ____
backend/tests/test_response_window_privacy.py:16: in test_public_summary_has_no_responder_identity_private_options_or_hands
    host, responder, outsider = make_started_room(client)
backend/tests/test_response_window_security.py:37: in make_started_room
    assert response.status_code == 200
E   assert 400 == 200
E    +  where 400 = <Response [400 Bad Request]>.status_code
___________ test_each_private_snapshot_contains_only_its_own_options ___________
backend/tests/test_response_window_privacy.py:42: in test_each_private_snapshot_contains_only_its_own_options
    host, responder_a, responder_b = make_started_room(client)
backend/tests/test_response_window_security.py:37: in make_started_room
    assert response.status_code == 200
E   assert 400 == 200
E    +  where 400 = <Response [400 Bad Request]>.status_code
________ test_resolved_public_summary_does_not_reveal_response_content _________
backend/tests/test_response_window_privacy.py:78: in test_resolved_public_summary_does_not_reveal_response_content
    host, responder, _outsider = make_started_room(client)
backend/tests/test_response_window_security.py:37: in make_started_room
    assert response.status_code == 200
E   assert 400 == 200
E    +  where 400 = <Response [400 Bad Request]>.status_code
__________ test_auth_errors_do_not_echo_tokens_or_full_hand_payloads ___________
backend/tests/test_response_window_privacy.py:107: in test_auth_errors_do_not_echo_tokens_or_full_hand_payloads
    host, responder, outsider = make_started_room(client)
backend/tests/test_response_window_security.py:37: in make_started_room
    assert response.status_code == 200
E   assert 400 == 200
E    +  where 400 = <Response [400 Bad Request]>.status_code
___________ test_legal_responder_reconnect_restores_same_open_prompt ___________
backend/tests/test_response_window_reconnect.py:17: in test_legal_responder_reconnect_restores_same_open_prompt
    host, responder, _outsider = make_started_room(client)
backend/tests/test_response_window_security.py:37: in make_started_room
    assert response.status_code == 200
E   assert 400 == 200
E    +  where 400 = <Response [400 Bad Request]>.status_code
_________ test_non_responder_reconnect_never_receives_private_options __________
backend/tests/test_response_window_reconnect.py:41: in test_non_responder_reconnect_never_receives_private_options
    host, responder, outsider = make_started_room(client)
backend/tests/test_response_window_security.py:37: in make_started_room
    assert response.status_code == 200
E   assert 400 == 200
E    +  where 400 = <Response [400 Bad Request]>.status_code
___ test_resolved_prompt_reconnect_is_visible_only_as_non_actionable_status ____
backend/tests/test_response_window_reconnect.py:67: in test_resolved_prompt_reconnect_is_visible_only_as_non_actionable_status
    host, responder, _outsider = make_started_room(client)
backend/tests/test_response_window_security.py:37: in make_started_room
    assert response.status_code == 200
E   assert 400 == 200
E    +  where 400 = <Response [400 Bad Request]>.status_code
____________ test_expired_prompt_reconnect_does_not_restore_action _____________
backend/tests/test_response_window_reconnect.py:91: in test_expired_prompt_reconnect_does_not_restore_action
    host, responder, _outsider = make_started_room(client)
backend/tests/test_response_window_security.py:37: in make_started_room
    assert response.status_code == 200
E   assert 400 == 200
E    +  where 400 = <Response [400 Bad Request]>.status_code
_ test_legal_responder_succeeds_and_non_responder_is_rejected_without_mutation _
backend/tests/test_response_window_security.py:63: in test_legal_responder_succeeds_and_non_responder_is_rejected_without_mutation
    host, responder, outsider = make_started_room(client)
backend/tests/test_response_window_security.py:37: in make_started_room
    assert response.status_code == 200
E   assert 400 == 200
E    +  where 400 = <Response [400 Bad Request]>.status_code
________ test_player_id_spoof_missing_and_invalid_sessions_are_rejected ________
backend/tests/test_response_window_security.py:85: in test_player_id_spoof_missing_and_invalid_sessions_are_rejected
    host, responder, outsider = make_started_room(client)
backend/tests/test_response_window_security.py:37: in make_started_room
    assert response.status_code == 200
E   assert 400 == 200
E    +  where 400 = <Response [400 Bad Request]>.status_code
___ test_fixture_is_production_blocked_host_only_and_requires_unique_tmp_dir ___
backend/tests/test_response_window_security.py:128: in test_fixture_is_production_blocked_host_only_and_requires_unique_tmp_dir
    host, responder, outsider = make_started_room(client)
backend/tests/test_response_window_security.py:37: in make_started_room
    assert response.status_code == 200
E   assert 400 == 200
E    +  where 400 = <Response [400 Bad Request]>.status_code
_____ test_websocket_public_then_private_delivery_scopes_actionable_prompt _____
backend/tests/test_response_window_security.py:158: in test_websocket_public_then_private_delivery_scopes_actionable_prompt
    host, responder, outsider = make_started_room(client)
backend/tests/test_response_window_security.py:37: in make_started_room
    assert response.status_code == 200
E   assert 400 == 200
E    +  where 400 = <Response [400 Bad Request]>.status_code
_____________ test_host_can_start_without_waiting_for_ready_flags ______________
backend/tests/test_room_lifecycle.py:34: in test_host_can_start_without_waiting_for_ready_flags
    result = process_command(
backend/app/engine/command_handler.py:844: in process_command
    return _remember(room, command, start_game(room, seed=command.payload.get("seed")))
backend/app/engine/command_handler.py:758: in start_game
    raise CommandError("所有在座且在线玩家都准备后才能开始", code="PLAYERS_NOT_READY")
E   backend.app.engine.command_handler.CommandError: 所有在座且在线玩家都准备后才能开始
________ test_host_can_start_without_ready_flags_and_deals_valid_state _________
backend/tests/test_room_lifecycle_start_regression.py:114: in test_host_can_start_without_ready_flags_and_deals_valid_state
    result = start_as(room, host.player_id, seed=17)
backend/tests/test_room_lifecycle_start_regression.py:22: in start_as
    return process_command(
backend/app/engine/command_handler.py:844: in process_command
    return _remember(room, command, start_game(room, seed=command.payload.get("seed")))
backend/app/engine/command_handler.py:758: in start_game
    raise CommandError("所有在座且在线玩家都准备后才能开始", code="PLAYERS_NOT_READY")
E   backend.app.engine.command_handler.CommandError: 所有在座且在线玩家都准备后才能开始
___________________ test_duplicate_start_has_no_side_effects ___________________
backend/tests/test_room_lifecycle_start_regression.py:148: in test_duplicate_start_has_no_side_effects
    start_as(room, host.player_id, action_id="start-once", seed=17)
backend/tests/test_room_lifecycle_start_regression.py:22: in start_as
    return process_command(
backend/app/engine/command_handler.py:844: in process_command
    return _remember(room, command, start_game(room, seed=command.payload.get("seed")))
backend/app/engine/command_handler.py:758: in start_game
    raise CommandError("所有在座且在线玩家都准备后才能开始", code="PLAYERS_NOT_READY")
E   backend.app.engine.command_handler.CommandError: 所有在座且在线玩家都准备后才能开始
______________ test_start_after_host_command_has_valid_game_state ______________
backend/tests/test_room_lifecycle_start_regression.py:164: in test_start_after_host_command_has_valid_game_state
    start_as(room, host.player_id, seed=23)
backend/tests/test_room_lifecycle_start_regression.py:22: in start_as
    return process_command(
backend/app/engine/command_handler.py:844: in process_command
    return _remember(room, command, start_game(room, seed=command.payload.get("seed")))
backend/app/engine/command_handler.py:758: in start_game
    raise CommandError("所有在座且在线玩家都准备后才能开始", code="PLAYERS_NOT_READY")
E   backend.app.engine.command_handler.CommandError: 所有在座且在线玩家都准备后才能开始
__________ test_private_snapshot_exposes_only_requesting_players_hand __________
backend/tests/test_room_lifecycle_start_regression.py:171: in test_private_snapshot_exposes_only_requesting_players_hand
    start_as(room, host.player_id, seed=17)
backend/tests/test_room_lifecycle_start_regression.py:22: in start_as
    return process_command(
backend/app/engine/command_handler.py:844: in process_command
    return _remember(room, command, start_game(room, seed=command.payload.get("seed")))
backend/app/engine/command_handler.py:758: in start_game
    raise CommandError("所有在座且在线玩家都准备后才能开始", code="PLAYERS_NOT_READY")
E   backend.app.engine.command_handler.CommandError: 所有在座且在线玩家都准备后才能开始
_______________ test_reset_then_start_again_without_ready_flags ________________
backend/tests/test_room_lifecycle_start_regression.py:179: in test_reset_then_start_again_without_ready_flags
    start_as(room, host.player_id, action_id="start-before-reset", seed=17)
backend/tests/test_room_lifecycle_start_regression.py:22: in start_as
    return process_command(
backend/app/engine/command_handler.py:844: in process_command
    return _remember(room, command, start_game(room, seed=command.payload.get("seed")))
backend/app/engine/command_handler.py:758: in start_game
    raise CommandError("所有在座且在线玩家都准备后才能开始", code="PLAYERS_NOT_READY")
E   backend.app.engine.command_handler.CommandError: 所有在座且在线玩家都准备后才能开始
_____ test_websocket_snapshots_after_host_start_are_consistent_and_private _____
backend/tests/test_room_lifecycle_start_regression.py:220: in test_websocket_snapshots_after_host_start_are_consistent_and_private
    assert start.status_code == 200
E   assert 400 == 200
E    +  where 400 = <Response [400 Bad Request]>.status_code
___ test_reconnect_token_is_bound_to_exact_player_and_private_snapshot_scope ___
backend/tests/test_session_identity_binding.py:52: in test_reconnect_token_is_bound_to_exact_player_and_private_snapshot_scope
    room_code, host, players = make_started_room(client)
backend/tests/test_session_identity_binding.py:45: in make_started_room
    assert response.status_code == 200
E   assert 400 == 200
E    +  where 400 = <Response [400 Bad Request]>.status_code
______ test_duplicate_action_id_does_not_double_apply_start_draw_or_play _______
backend/tests/test_session_identity_binding.py:87: in test_duplicate_action_id_does_not_double_apply_start_draw_or_play
    assert first_start.status_code == 200
E   assert 400 == 200
E    +  where 400 = <Response [400 Bad Request]>.status_code
____ test_activate_special_http_requires_valid_session_without_side_effects ____
backend/tests/test_special_command_auth.py:116: in test_activate_special_http_requires_valid_session_without_side_effects
    room_code, host, _players = make_started_room(client)
backend/tests/test_special_command_auth.py:45: in make_started_room
    assert start.status_code == 200
E   assert 400 == 200
E    +  where 400 = <Response [400 Bad Request]>.status_code
__ test_activate_special_rejects_http_player_id_spoof_and_non_current_player ___
backend/tests/test_special_command_auth.py:131: in test_activate_special_rejects_http_player_id_spoof_and_non_current_player
    room_code, host, players = make_started_room(client)
backend/tests/test_special_command_auth.py:45: in make_started_room
    assert start.status_code == 200
E   assert 400 == 200
E    +  where 400 = <Response [400 Bad Request]>.status_code
___ test_activate_special_websocket_rejects_player_id_spoof_without_mutation ___
backend/tests/test_special_command_auth.py:147: in test_activate_special_websocket_rejects_player_id_spoof_without_mutation
    room_code, host, players = make_started_room(client)
backend/tests/test_special_command_auth.py:45: in make_started_room
    assert start.status_code == 200
E   assert 400 == 200
E    +  where 400 = <Response [400 Bad Request]>.status_code
_____ test_buy_shop_good_requires_auth_and_rejects_identity_or_turn_spoof ______
backend/tests/test_special_command_auth.py:174: in test_buy_shop_good_requires_auth_and_rejects_identity_or_turn_spoof
    room_code, host, players = make_started_room(client)
backend/tests/test_special_command_auth.py:45: in make_started_room
    assert start.status_code == 200
E   assert 400 == 200
E    +  where 400 = <Response [400 Bad Request]>.status_code
______ test_refresh_shop_http_and_websocket_auth_bindings_reject_spoofing ______
backend/tests/test_special_command_auth.py:203: in test_refresh_shop_http_and_websocket_auth_bindings_reject_spoofing
    room_code, host, players = make_started_room(client)
backend/tests/test_special_command_auth.py:45: in make_started_room
    assert start.status_code == 200
E   assert 400 == 200
E    +  where 400 = <Response [400 Bad Request]>.status_code
_____ test_activate_special_duplicate_action_id_and_stale_version_are_safe _____
backend/tests/test_special_command_idempotency.py:131: in test_activate_special_duplicate_action_id_and_stale_version_are_safe
    room_code, host, _players = make_started_room(client)
backend/tests/test_special_command_idempotency.py:44: in make_started_room
    assert start.status_code == 200
E   assert 400 == 200
E    +  where 400 = <Response [400 Bad Request]>.status_code
____ test_respond_to_prompt_duplicate_action_id_and_stale_version_are_safe _____
backend/tests/test_special_command_idempotency.py:185: in test_respond_to_prompt_duplicate_action_id_and_stale_version_are_safe
    room_code, host, players = make_started_room(client)
backend/tests/test_special_command_idempotency.py:44: in make_started_room
    assert start.status_code == 200
E   assert 400 == 200
E    +  where 400 = <Response [400 Bad Request]>.status_code
______ test_buy_shop_good_duplicate_action_id_and_stale_version_are_safe _______
backend/tests/test_special_command_idempotency.py:240: in test_buy_shop_good_duplicate_action_id_and_stale_version_are_safe
    room_code, host, _players = make_started_room(client)
backend/tests/test_special_command_idempotency.py:44: in make_started_room
    assert start.status_code == 200
E   assert 400 == 200
E    +  where 400 = <Response [400 Bad Request]>.status_code
_ test_refresh_shop_duplicate_action_id_once_per_turn_and_stale_version_are_safe _
backend/tests/test_special_command_idempotency.py:293: in test_refresh_shop_duplicate_action_id_once_per_turn_and_stale_version_are_safe
    room_code, host, _players = make_started_room(client)
backend/tests/test_special_command_idempotency.py:44: in make_started_room
    assert start.status_code == 200
E   assert 400 == 200
E    +  where 400 = <Response [400 Bad Request]>.status_code
____ test_respond_to_prompt_rejects_non_responder_and_body_player_id_spoof _____
backend/tests/test_special_prompt_security.py:92: in test_respond_to_prompt_rejects_non_responder_and_body_player_id_spoof
    room_code, host, players = make_started_room(client)
backend/tests/test_special_prompt_security.py:44: in make_started_room
    assert start.status_code == 200
E   assert 400 == 200
E    +  where 400 = <Response [400 Bad Request]>.status_code
____ test_respond_to_prompt_rejects_invalid_and_already_advanced_prompt_ids ____
backend/tests/test_special_prompt_security.py:126: in test_respond_to_prompt_rejects_invalid_and_already_advanced_prompt_ids
    room_code, host, players = make_started_room(client)
backend/tests/test_special_prompt_security.py:44: in make_started_room
    assert start.status_code == 200
E   assert 400 == 200
E    +  where 400 = <Response [400 Bad Request]>.status_code
__________________ test_reset_invalidates_old_special_prompt ___________________
backend/tests/test_special_prompt_security.py:182: in test_reset_invalidates_old_special_prompt
    room_code, host, players = make_started_room(client)
backend/tests/test_special_prompt_security.py:44: in make_started_room
    assert start.status_code == 200
E   assert 400 == 200
E    +  where 400 = <Response [400 Bad Request]>.status_code
_____ test_websocket_prompt_commands_remain_bound_to_authenticated_player ______
backend/tests/test_special_prompt_security.py:209: in test_websocket_prompt_commands_remain_bound_to_authenticated_player
    room_code, host, players = make_started_room(client)
backend/tests/test_special_prompt_security.py:44: in make_started_room
    assert start.status_code == 200
E   assert 400 == 200
E    +  where 400 = <Response [400 Bad Request]>.status_code
_ test_public_snapshot_and_private_snapshot_keep_full_hands_scoped_to_authenticated_player _
backend/tests/test_special_snapshot_privacy.py:125: in test_public_snapshot_and_private_snapshot_keep_full_hands_scoped_to_authenticated_player
    room_code, host, players = make_started_room(client)
backend/tests/test_special_snapshot_privacy.py:42: in make_started_room
    assert start.status_code == 200
E   assert 400 == 200
E    +  where 400 = <Response [400 Bad Request]>.status_code
______ test_special_prompt_payloads_do_not_expose_full_hand_card_payloads ______
backend/tests/test_special_snapshot_privacy.py:144: in test_special_prompt_payloads_do_not_expose_full_hand_card_payloads
    room_code, host, players = make_started_room(client)
backend/tests/test_special_snapshot_privacy.py:42: in make_started_room
    assert start.status_code == 200
E   assert 400 == 200
E    +  where 400 = <Response [400 Bad Request]>.status_code
__ test_invalid_websocket_session_gets_no_special_prompt_or_private_snapshot ___
backend/tests/test_special_snapshot_privacy.py:168: in test_invalid_websocket_session_gets_no_special_prompt_or_private_snapshot
    room_code, host, _players = make_started_room(client)
backend/tests/test_special_snapshot_privacy.py:42: in make_started_room
    assert start.status_code == 200
E   assert 400 == 200
E    +  where 400 = <Response [400 Bad Request]>.status_code
_ test_reconnect_private_snapshot_during_special_prompt_is_scoped_to_reconnecting_player _
backend/tests/test_special_snapshot_privacy.py:180: in test_reconnect_private_snapshot_during_special_prompt_is_scoped_to_reconnecting_player
    room_code, host, players = make_started_room(client)
backend/tests/test_special_snapshot_privacy.py:42: in make_started_room
    assert start.status_code == 200
E   assert 400 == 200
E    +  where 400 = <Response [400 Bad Request]>.status_code
________________ test_test_state_command_is_disabled_by_default ________________
backend/tests/test_test_mode.py:27: in test_test_state_command_is_disabled_by_default
    room, host, _guest = make_started_room()
backend/tests/test_test_mode.py:12: in make_started_room
    process_command(
backend/app/engine/command_handler.py:844: in process_command
    return _remember(room, command, start_game(room, seed=command.payload.get("seed")))
backend/app/engine/command_handler.py:758: in start_game
    raise CommandError("所有在座且在线玩家都准备后才能开始", code="PLAYERS_NOT_READY")
E   backend.app.engine.command_handler.CommandError: 所有在座且在线玩家都准备后才能开始
_____ test_test_state_command_builds_deterministic_hands_only_in_test_mode _____
backend/tests/test_test_mode.py:46: in test_test_state_command_builds_deterministic_hands_only_in_test_mode
    room, host, guest = make_started_room()
backend/tests/test_test_mode.py:12: in make_started_room
    process_command(
backend/app/engine/command_handler.py:844: in process_command
    return _remember(room, command, start_game(room, seed=command.payload.get("seed")))
backend/app/engine/command_handler.py:758: in start_game
    raise CommandError("所有在座且在线玩家都准备后才能开始", code="PLAYERS_NOT_READY")
E   backend.app.engine.command_handler.CommandError: 所有在座且在线玩家都准备后才能开始
___________ test_reset_clears_uno_window_and_new_round_starts_clean ____________
backend/tests/test_uno_call_and_catch.py:193: in test_reset_clears_uno_window_and_new_round_starts_clean
    process_command(
backend/app/engine/command_handler.py:844: in process_command
    return _remember(room, command, start_game(room, seed=command.payload.get("seed")))
backend/app/engine/command_handler.py:758: in start_game
    raise CommandError("所有在座且在线玩家都准备后才能开始", code="PLAYERS_NOT_READY")
E   backend.app.engine.command_handler.CommandError: 所有在座且在线玩家都准备后才能开始
__________ test_color_and_number_matches_update_hand_discard_and_turn __________
backend/tests/test_uno_core_rules.py:97: in test_color_and_number_matches_update_hand_discard_and_turn
    room, players, _game = make_started_room()
backend/tests/test_uno_core_rules.py:21: in make_started_room
    process_command(
backend/app/engine/command_handler.py:844: in process_command
    return _remember(room, command, start_game(room, seed=command.payload.get("seed")))
backend/app/engine/command_handler.py:758: in start_game
    raise CommandError("所有在座且在线玩家都准备后才能开始", code="PLAYERS_NOT_READY")
E   backend.app.engine.command_handler.CommandError: 所有在座且在线玩家都准备后才能开始
_ test_illegal_play_wrong_turn_and_missing_card_are_rejected_without_mutation __
backend/tests/test_uno_core_rules.py:122: in test_illegal_play_wrong_turn_and_missing_card_are_rejected_without_mutation
    room, players, _game = make_started_room()
backend/tests/test_uno_core_rules.py:21: in make_started_room
    process_command(
backend/app/engine/command_handler.py:844: in process_command
    return _remember(room, command, start_game(room, seed=command.payload.get("seed")))
backend/app/engine/command_handler.py:758: in start_game
    raise CommandError("所有在座且在线玩家都准备后才能开始", code="PLAYERS_NOT_READY")
E   backend.app.engine.command_handler.CommandError: 所有在座且在线玩家都准备后才能开始
____________ test_draw_card_current_player_only_and_draw_ends_turn _____________
backend/tests/test_uno_core_rules.py:154: in test_draw_card_current_player_only_and_draw_ends_turn
    room, players, _game = make_started_room()
backend/tests/test_uno_core_rules.py:21: in make_started_room
    process_command(
backend/app/engine/command_handler.py:844: in process_command
    return _remember(room, command, start_game(room, seed=command.payload.get("seed")))
backend/app/engine/command_handler.py:758: in start_game
    raise CommandError("所有在座且在线玩家都准备后才能开始", code="PLAYERS_NOT_READY")
E   backend.app.engine.command_handler.CommandError: 所有在座且在线玩家都准备后才能开始
_______ test_skip_reverse_draw_two_effects_and_illegal_action_rejection ________
backend/tests/test_uno_core_rules.py:174: in test_skip_reverse_draw_two_effects_and_illegal_action_rejection
    room, players, _game = make_started_room()
backend/tests/test_uno_core_rules.py:21: in make_started_room
    process_command(
backend/app/engine/command_handler.py:844: in process_command
    return _remember(room, command, start_game(room, seed=command.payload.get("seed")))
backend/app/engine/command_handler.py:758: in start_game
    raise CommandError("所有在座且在线玩家都准备后才能开始", code="PLAYERS_NOT_READY")
E   backend.app.engine.command_handler.CommandError: 所有在座且在线玩家都准备后才能开始
_______ test_draw_reshuffles_discard_except_top_and_preserves_card_zones _______
backend/tests/test_uno_deck_and_game_end.py:114: in test_draw_reshuffles_discard_except_top_and_preserves_card_zones
    room, players, game = make_started_room(2)
backend/tests/test_uno_deck_and_game_end.py:23: in make_started_room
    process_command(
backend/app/engine/command_handler.py:844: in process_command
    return _remember(room, command, start_game(room, seed=command.payload.get("seed")))
backend/app/engine/command_handler.py:758: in start_game
    raise CommandError("所有在座且在线玩家都准备后才能开始", code="PLAYERS_NOT_READY")
E   backend.app.engine.command_handler.CommandError: 所有在座且在线玩家都准备后才能开始
__ test_draw_with_empty_deck_and_no_recyclable_discard_finishes_by_hand_count __
backend/tests/test_uno_deck_and_game_end.py:134: in test_draw_with_empty_deck_and_no_recyclable_discard_finishes_by_hand_count
    room, players, game = make_started_room(2)
backend/tests/test_uno_deck_and_game_end.py:23: in make_started_room
    process_command(
backend/app/engine/command_handler.py:844: in process_command
    return _remember(room, command, start_game(room, seed=command.payload.get("seed")))
backend/app/engine/command_handler.py:758: in start_game
    raise CommandError("所有在座且在线玩家都准备后才能开始", code="PLAYERS_NOT_READY")
E   backend.app.engine.command_handler.CommandError: 所有在座且在线玩家都准备后才能开始
____ test_last_card_finishes_game_sets_winner_and_blocks_more_core_actions _____
backend/tests/test_uno_deck_and_game_end.py:151: in test_last_card_finishes_game_sets_winner_and_blocks_more_core_actions
    room, players, game = make_started_room(3)
backend/tests/test_uno_deck_and_game_end.py:23: in make_started_room
    process_command(
backend/app/engine/command_handler.py:844: in process_command
    return _remember(room, command, start_game(room, seed=command.payload.get("seed")))
backend/app/engine/command_handler.py:758: in start_game
    raise CommandError("所有在座且在线玩家都准备后才能开始", code="PLAYERS_NOT_READY")
E   backend.app.engine.command_handler.CommandError: 所有在座且在线玩家都准备后才能开始
_________ test_reset_and_rematch_do_not_conflict_with_new_basic_round __________
backend/tests/test_uno_deck_and_game_end.py:174: in test_reset_and_rematch_do_not_conflict_with_new_basic_round
    room, players, _game = make_started_room(3)
backend/tests/test_uno_deck_and_game_end.py:23: in make_started_room
    process_command(
backend/app/engine/command_handler.py:844: in process_command
    return _remember(room, command, start_game(room, seed=command.payload.get("seed")))
backend/app/engine/command_handler.py:758: in start_game
    raise CommandError("所有在座且在线玩家都准备后才能开始", code="PLAYERS_NOT_READY")
E   backend.app.engine.command_handler.CommandError: 所有在座且在线玩家都准备后才能开始
________ test_public_private_snapshots_hide_other_hands_after_core_play ________
backend/tests/test_uno_deck_and_game_end.py:226: in test_public_private_snapshots_hide_other_hands_after_core_play
    room, players, _game = make_started_room(3)
backend/tests/test_uno_deck_and_game_end.py:23: in make_started_room
    process_command(
backend/app/engine/command_handler.py:844: in process_command
    return _remember(room, command, start_game(room, seed=command.payload.get("seed")))
backend/app/engine/command_handler.py:758: in start_game
    raise CommandError("所有在座且在线玩家都准备后才能开始", code="PLAYERS_NOT_READY")
E   backend.app.engine.command_handler.CommandError: 所有在座且在线玩家都准备后才能开始
___ test_websocket_snapshot_after_basic_play_matches_state_and_private_scope ___
backend/tests/test_uno_deck_and_game_end.py:260: in test_websocket_snapshot_after_basic_play_matches_state_and_private_scope
    set_state(room, players, hands={0: [played, card("uno_blue_9")]}, deck=[card("uno_green_1")])
backend/tests/test_uno_deck_and_game_end.py:38: in set_state
    assert game is not None
E   assert None is not None
_____ test_wild_requires_valid_color_and_chosen_color_controls_next_match ______
backend/tests/test_uno_wild_and_challenge.py:108: in test_wild_requires_valid_color_and_chosen_color_controls_next_match
    room, players, game = make_started_room()
backend/tests/test_uno_wild_and_challenge.py:20: in make_started_room
    process_command(
backend/app/engine/command_handler.py:844: in process_command
    return _remember(room, command, start_game(room, seed=command.payload.get("seed")))
backend/app/engine/command_handler.py:758: in start_game
    raise CommandError("所有在座且在线玩家都准备后才能开始", code="PLAYERS_NOT_READY")
E   backend.app.engine.command_handler.CommandError: 所有在座且在线玩家都准备后才能开始
____ test_wild_play_action_id_is_idempotent_without_replaying_color_choice _____
backend/tests/test_uno_wild_and_challenge.py:139: in test_wild_play_action_id_is_idempotent_without_replaying_color_choice
    room, players, game = make_started_room()
backend/tests/test_uno_wild_and_challenge.py:20: in make_started_room
    process_command(
backend/app/engine/command_handler.py:844: in process_command
    return _remember(room, command, start_game(room, seed=command.payload.get("seed")))
backend/app/engine/command_handler.py:758: in start_game
    raise CommandError("所有在座且在线玩家都准备后才能开始", code="PLAYERS_NOT_READY")
E   backend.app.engine.command_handler.CommandError: 所有在座且在线玩家都准备后才能开始
_ test_wild_draw_four_opens_challenge_prompt_and_duplicate_play_has_no_side_effect _
backend/tests/test_uno_wild_and_challenge.py:152: in test_wild_draw_four_opens_challenge_prompt_and_duplicate_play_has_no_side_effect
    room, players, game = make_started_room()
backend/tests/test_uno_wild_and_challenge.py:20: in make_started_room
    process_command(
backend/app/engine/command_handler.py:844: in process_command
    return _remember(room, command, start_game(room, seed=command.payload.get("seed")))
backend/app/engine/command_handler.py:758: in start_game
    raise CommandError("所有在座且在线玩家都准备后才能开始", code="PLAYERS_NOT_READY")
E   backend.app.engine.command_handler.CommandError: 所有在座且在线玩家都准备后才能开始
______ test_wild_draw_four_decline_challenge_draws_four_and_skips_target _______
backend/tests/test_uno_wild_and_challenge.py:184: in test_wild_draw_four_decline_challenge_draws_four_and_skips_target
    room, players, game = make_started_room()
backend/tests/test_uno_wild_and_challenge.py:20: in make_started_room
    process_command(
backend/app/engine/command_handler.py:844: in process_command
    return _remember(room, command, start_game(room, seed=command.payload.get("seed")))
backend/app/engine/command_handler.py:758: in start_game
    raise CommandError("所有在座且在线玩家都准备后才能开始", code="PLAYERS_NOT_READY")
E   backend.app.engine.command_handler.CommandError: 所有在座且在线玩家都准备后才能开始
___________ test_wild_draw_four_challenge_success_and_failure_paths ____________
backend/tests/test_uno_wild_and_challenge.py:202: in test_wild_draw_four_challenge_success_and_failure_paths
    room, players, game = make_started_room()
backend/tests/test_uno_wild_and_challenge.py:20: in make_started_room
    process_command(
backend/app/engine/command_handler.py:844: in process_command
    return _remember(room, command, start_game(room, seed=command.payload.get("seed")))
backend/app/engine/command_handler.py:758: in start_game
    raise CommandError("所有在座且在线玩家都准备后才能开始", code="PLAYERS_NOT_READY")
E   backend.app.engine.command_handler.CommandError: 所有在座且在线玩家都准备后才能开始
___ test_wild_draw_four_prompt_rejects_wrong_responder_reuse_and_hides_hands ___
backend/tests/test_uno_wild_and_challenge.py:240: in test_wild_draw_four_prompt_rejects_wrong_responder_reuse_and_hides_hands
    room, players, game = make_started_room()
backend/tests/test_uno_wild_and_challenge.py:20: in make_started_room
    process_command(
backend/app/engine/command_handler.py:844: in process_command
    return _remember(room, command, start_game(room, seed=command.payload.get("seed")))
backend/app/engine/command_handler.py:758: in start_game
    raise CommandError("所有在座且在线玩家都准备后才能开始", code="PLAYERS_NOT_READY")
E   backend.app.engine.command_handler.CommandError: 所有在座且在线玩家都准备后才能开始
___ test_websocket_valid_session_receives_private_snapshot_scoped_to_player ____
backend/tests/test_websocket_auth.py:129: in test_websocket_valid_session_receives_private_snapshot_scoped_to_player
    room_code, host, _players = make_started_room(client)
backend/tests/test_websocket_auth.py:43: in make_started_room
    assert response.status_code == 200
E   assert 400 == 200
E    +  where 400 = <Response [400 Bad Request]>.status_code
_________ test_websocket_non_current_player_cannot_spoof_play_or_draw __________
backend/tests/test_websocket_auth.py:172: in test_websocket_non_current_player_cannot_spoof_play_or_draw
    room_code, host, players = make_started_room(client)
backend/tests/test_websocket_auth.py:43: in make_started_room
    assert response.status_code == 200
E   assert 400 == 200
E    +  where 400 = <Response [400 Bad Request]>.status_code
=============================== warnings summary ===============================
../../audit_venv/lib/python3.12/site-packages/starlette/testclient.py:40
  /workspace/scratch/ddf75736e5b3/audit_venv/lib/python3.12/site-packages/starlette/testclient.py:40: DeprecationWarning: The anyio.abc.BlockingPortal alias is deprecated, use anyio.from_thread.BlockingPortal instead.
    _PortalFactoryType = typing.Callable[[], typing.ContextManager[anyio.abc.BlockingPortal]]

-- Docs: https://docs.pytest.org/en/stable/how-to/capture-warnings.html
- generated xml file: /workspace/scratch/ddf75736e5b3/audit_evidence/backend-original.xml -
=========================== short test summary info ============================
FAILED backend/tests/test_api_concurrency.py::test_concurrent_join_allocates_unique_seats
FAILED backend/tests/test_batch1_yi_ling.py::test_yi_valid_activation_sum_8_discards_payment_and_draws_for_others_only
FAILED backend/tests/test_batch1_yi_ling.py::test_yi_reject_non_number_support_without_side_effects
FAILED backend/tests/test_batch1_yi_ling.py::test_yi_reject_sum_not_8_without_side_effects
FAILED backend/tests/test_batch1_yi_ling.py::test_yi_reject_support_card_not_owned_without_side_effects
FAILED backend/tests/test_batch1_yi_ling.py::test_ling_valid_activation_equalizes_to_snapshot_max_and_advances_turn
FAILED backend/tests/test_batch1_yi_ling.py::test_ling_all_equal_no_extra_draw_from_snapshot_max
FAILED backend/tests/test_batch1_yi_ling.py::test_ling_user_below_max_also_draws_to_snapshot_max
FAILED backend/tests/test_batch1_yi_ling.py::test_ling_deck_reshuffle_when_needed_preserves_card_counts
FAILED backend/tests/test_batch1_yi_ling_security.py::test_batch1_http_missing_and_invalid_session_rejected
FAILED backend/tests/test_batch1_yi_ling_security.py::test_yi_reject_non_current_player_and_player_id_spoof
FAILED backend/tests/test_batch1_yi_ling_security.py::test_ling_reject_non_current_player_and_player_id_spoof
FAILED backend/tests/test_batch1_yi_ling_security.py::test_batch1_ws_invalid_identity_rejected_without_mutation
FAILED backend/tests/test_batch1_yi_ling_security.py::test_yi_duplicate_action_id_no_double_apply_and_stale_version_rejected
FAILED backend/tests/test_batch1_yi_ling_security.py::test_ling_duplicate_action_id_no_double_apply_and_stale_version_rejected
FAILED backend/tests/test_batch1_yi_ling_snapshots.py::test_yi_snapshot_privacy_public_no_full_hands_private_own_hand_only
FAILED backend/tests/test_batch1_yi_ling_snapshots.py::test_ling_snapshot_privacy_public_no_full_hands_private_own_hand_only
FAILED backend/tests/test_batch2_shu.py::test_shu_valid_even_distribution - a...
FAILED backend/tests/test_batch2_shu.py::test_shu_valid_remainder_to_unique_fewest_player
FAILED backend/tests/test_batch2_shu.py::test_shu_remainder_requires_choice_when_fewest_tied
FAILED backend/tests/test_batch2_shu.py::test_shu_reject_invalid_remainder_recipient
FAILED backend/tests/test_batch2_shu.py::test_shu_reject_current_player_as_remainder_recipient
FAILED backend/tests/test_batch2_shu.py::test_shu_remainder_recipient_id_selects_tied_fewest_player
FAILED backend/tests/test_batch2_shu.py::test_shu_reject_color_count_less_than_other_players
FAILED backend/tests/test_batch2_shu.py::test_shu_reject_invalid_color - asse...
FAILED backend/tests/test_batch2_shu.py::test_shu_only_moves_current_players_cards
FAILED backend/tests/test_batch2_shu.py::test_step7r_shu_legacy_remainder_player_id_is_compatible
FAILED backend/tests/test_batch2_shu.py::test_step7r_shu_both_remainder_fields_same_apply_once
FAILED backend/tests/test_batch2_shu.py::test_step7r_shu_conflicting_remainder_fields_are_rejected
FAILED backend/tests/test_batch2_shu.py::test_step7r_shu_conflicting_remainder_fields_leave_state_unchanged
FAILED backend/tests/test_batch2_shu.py::test_step7r_invalid_remainder_recipient_rejected_without_state_change[missing]
FAILED backend/tests/test_batch2_shu.py::test_step7r_invalid_remainder_recipient_rejected_without_state_change[current]
FAILED backend/tests/test_batch2_shu.py::test_step7r_invalid_remainder_recipient_rejected_without_state_change[non_minimum]
FAILED backend/tests/test_batch2_shu.py::test_step7r_invalid_remainder_recipient_rejected_without_state_change[nonexistent]
FAILED backend/tests/test_batch2_shu.py::test_step7r_shu_duplicate_action_id_preserves_full_sanitized_state
FAILED backend/tests/test_batch2_shu.py::test_step7r_shu_stale_version_preserves_full_sanitized_state
FAILED backend/tests/test_batch2_shu.py::test_step7r_successful_shu_advances_exactly_once[1-1]
FAILED backend/tests/test_batch2_shu.py::test_step7r_successful_shu_advances_exactly_once[-1-2]
FAILED backend/tests/test_batch2_shu.py::test_step7r_shu_two_cards_remaining_continues_without_uno_or_winner
FAILED backend/tests/test_batch2_shu.py::test_step7r_shu_one_card_remaining_opens_uno_window_and_snapshots_match
FAILED backend/tests/test_batch2_shu.py::test_step7r_shu_empty_hand_finishes_once_and_blocks_old_commands
FAILED backend/tests/test_batch2_shu.py::test_step7r_invalid_shu_preserves_turn_direction_uno_and_game_state
FAILED backend/tests/test_batch2_shu_security.py::test_batch2_http_missing_session_rejected
FAILED backend/tests/test_batch2_shu_security.py::test_batch2_http_invalid_session_rejected
FAILED backend/tests/test_batch2_shu_security.py::test_shu_reject_non_current_player
FAILED backend/tests/test_batch2_shu_security.py::test_shu_reject_player_id_spoof
FAILED backend/tests/test_batch2_shu_security.py::test_batch2_ws_invalid_identity_rejected
FAILED backend/tests/test_batch2_shu_security.py::test_shu_duplicate_action_id_no_double_apply
FAILED backend/tests/test_batch2_shu_security.py::test_shu_stale_expected_state_version_rejected
FAILED backend/tests/test_batch2_shu_snapshots.py::test_shu_snapshot_privacy
FAILED backend/tests/test_batch2_shu_snapshots.py::test_batch2_public_snapshot_no_full_hands
FAILED backend/tests/test_batch2_shu_snapshots.py::test_batch2_private_snapshot_own_hand_only
FAILED backend/tests/test_go_live_fixes.py::test_reconnect_returns_new_token_and_old_token_becomes_invalid
FAILED backend/tests/test_go_live_fixes.py::test_expire_ji_prompt_advances_turn_and_closes_effect
FAILED backend/tests/test_go_live_fixes.py::test_expire_special_prompt_before_deadline_is_noop
FAILED backend/tests/test_go_live_fixes.py::test_reshuffle_discard_happens_at_most_once_per_game
FAILED backend/tests/test_go_live_fixes.py::test_draw_returns_zero_when_deck_fully_exhausted_then_finish_by_hand_count
FAILED backend/tests/test_http_command_auth.py::test_http_command_missing_session_is_rejected_without_side_effects
FAILED backend/tests/test_http_command_auth.py::test_http_host_only_commands_are_bound_to_authenticated_player
FAILED backend/tests/test_http_command_auth.py::test_http_current_player_actions_are_bound_to_authenticated_player
FAILED backend/tests/test_multiplayer_flow.py::test_two_player_flow_broadcasts_play_draw_and_reconnects
FAILED backend/tests/test_persistence.py::test_started_room_survives_memory_reload
FAILED backend/tests/test_reconnection.py::test_reconnect_returns_private_snapshot_and_rotates_session
FAILED backend/tests/test_reconnection.py::test_reconnect_rejects_bad_token
FAILED backend/tests/test_reconnection.py::test_websocket_authenticated_private_snapshot_is_player_scoped
FAILED backend/tests/test_reconnection.py::test_websocket_missing_session_is_rejected
FAILED backend/tests/test_reconnection.py::test_authenticated_websocket_broadcast_includes_private_snapshot
FAILED backend/tests/test_response_window_foundation.py::test_generic_prompt_identity_and_metadata_are_card_agnostic
FAILED backend/tests/test_response_window_foundation.py::test_first_wins_consumes_once_and_resumes_once
FAILED backend/tests/test_response_window_foundation.py::test_first_wins_is_atomic_under_room_lock
FAILED backend/tests/test_response_window_foundation.py::test_sequential_policy_enforces_order_and_completes_once
FAILED backend/tests/test_response_window_foundation.py::test_all_policy_waits_for_every_responder
FAILED backend/tests/test_response_window_foundation.py::test_action_id_replay_is_idempotent_after_prompt_consumption
FAILED backend/tests/test_response_window_foundation.py::test_stale_expected_state_version_rejects_without_mutation
FAILED backend/tests/test_response_window_lifecycle.py::test_expiry_applies_default_and_resume_exactly_once
FAILED backend/tests/test_response_window_lifecycle.py::test_response_at_or_after_deadline_is_rejected
FAILED backend/tests/test_response_window_lifecycle.py::test_reset_invalidates_old_prompt_and_old_game_command
FAILED backend/tests/test_response_window_lifecycle.py::test_rematch_invalidates_prompt_before_dropping_game
FAILED backend/tests/test_response_window_lifecycle.py::test_close_cancels_open_prompt_and_rejects_future_commands
FAILED backend/tests/test_response_window_lifecycle.py::test_game_finish_cancels_open_prompt
FAILED backend/tests/test_response_window_lifecycle.py::test_new_game_epoch_rejects_old_prompt
FAILED backend/tests/test_response_window_privacy.py::test_public_summary_has_no_responder_identity_private_options_or_hands
FAILED backend/tests/test_response_window_privacy.py::test_each_private_snapshot_contains_only_its_own_options
FAILED backend/tests/test_response_window_privacy.py::test_resolved_public_summary_does_not_reveal_response_content
FAILED backend/tests/test_response_window_privacy.py::test_auth_errors_do_not_echo_tokens_or_full_hand_payloads
FAILED backend/tests/test_response_window_reconnect.py::test_legal_responder_reconnect_restores_same_open_prompt
FAILED backend/tests/test_response_window_reconnect.py::test_non_responder_reconnect_never_receives_private_options
FAILED backend/tests/test_response_window_reconnect.py::test_resolved_prompt_reconnect_is_visible_only_as_non_actionable_status
FAILED backend/tests/test_response_window_reconnect.py::test_expired_prompt_reconnect_does_not_restore_action
FAILED backend/tests/test_response_window_security.py::test_legal_responder_succeeds_and_non_responder_is_rejected_without_mutation
FAILED backend/tests/test_response_window_security.py::test_player_id_spoof_missing_and_invalid_sessions_are_rejected
FAILED backend/tests/test_response_window_security.py::test_fixture_is_production_blocked_host_only_and_requires_unique_tmp_dir
FAILED backend/tests/test_response_window_security.py::test_websocket_public_then_private_delivery_scopes_actionable_prompt
FAILED backend/tests/test_room_lifecycle.py::test_host_can_start_without_waiting_for_ready_flags
FAILED backend/tests/test_room_lifecycle_start_regression.py::test_host_can_start_without_ready_flags_and_deals_valid_state
FAILED backend/tests/test_room_lifecycle_start_regression.py::test_duplicate_start_has_no_side_effects
FAILED backend/tests/test_room_lifecycle_start_regression.py::test_start_after_host_command_has_valid_game_state
FAILED backend/tests/test_room_lifecycle_start_regression.py::test_private_snapshot_exposes_only_requesting_players_hand
FAILED backend/tests/test_room_lifecycle_start_regression.py::test_reset_then_start_again_without_ready_flags
FAILED backend/tests/test_room_lifecycle_start_regression.py::test_websocket_snapshots_after_host_start_are_consistent_and_private
FAILED backend/tests/test_session_identity_binding.py::test_reconnect_token_is_bound_to_exact_player_and_private_snapshot_scope
FAILED backend/tests/test_session_identity_binding.py::test_duplicate_action_id_does_not_double_apply_start_draw_or_play
FAILED backend/tests/test_special_command_auth.py::test_activate_special_http_requires_valid_session_without_side_effects
FAILED backend/tests/test_special_command_auth.py::test_activate_special_rejects_http_player_id_spoof_and_non_current_player
FAILED backend/tests/test_special_command_auth.py::test_activate_special_websocket_rejects_player_id_spoof_without_mutation
FAILED backend/tests/test_special_command_auth.py::test_buy_shop_good_requires_auth_and_rejects_identity_or_turn_spoof
FAILED backend/tests/test_special_command_auth.py::test_refresh_shop_http_and_websocket_auth_bindings_reject_spoofing
FAILED backend/tests/test_special_command_idempotency.py::test_activate_special_duplicate_action_id_and_stale_version_are_safe
FAILED backend/tests/test_special_command_idempotency.py::test_respond_to_prompt_duplicate_action_id_and_stale_version_are_safe
FAILED backend/tests/test_special_command_idempotency.py::test_buy_shop_good_duplicate_action_id_and_stale_version_are_safe
FAILED backend/tests/test_special_command_idempotency.py::test_refresh_shop_duplicate_action_id_once_per_turn_and_stale_version_are_safe
FAILED backend/tests/test_special_prompt_security.py::test_respond_to_prompt_rejects_non_responder_and_body_player_id_spoof
FAILED backend/tests/test_special_prompt_security.py::test_respond_to_prompt_rejects_invalid_and_already_advanced_prompt_ids
FAILED backend/tests/test_special_prompt_security.py::test_reset_invalidates_old_special_prompt
FAILED backend/tests/test_special_prompt_security.py::test_websocket_prompt_commands_remain_bound_to_authenticated_player
FAILED backend/tests/test_special_snapshot_privacy.py::test_public_snapshot_and_private_snapshot_keep_full_hands_scoped_to_authenticated_player
FAILED backend/tests/test_special_snapshot_privacy.py::test_special_prompt_payloads_do_not_expose_full_hand_card_payloads
FAILED backend/tests/test_special_snapshot_privacy.py::test_invalid_websocket_session_gets_no_special_prompt_or_private_snapshot
FAILED backend/tests/test_special_snapshot_privacy.py::test_reconnect_private_snapshot_during_special_prompt_is_scoped_to_reconnecting_player
FAILED backend/tests/test_test_mode.py::test_test_state_command_is_disabled_by_default
FAILED backend/tests/test_test_mode.py::test_test_state_command_builds_deterministic_hands_only_in_test_mode
FAILED backend/tests/test_uno_call_and_catch.py::test_reset_clears_uno_window_and_new_round_starts_clean
FAILED backend/tests/test_uno_core_rules.py::test_color_and_number_matches_update_hand_discard_and_turn
FAILED backend/tests/test_uno_core_rules.py::test_illegal_play_wrong_turn_and_missing_card_are_rejected_without_mutation
FAILED backend/tests/test_uno_core_rules.py::test_draw_card_current_player_only_and_draw_ends_turn
FAILED backend/tests/test_uno_core_rules.py::test_skip_reverse_draw_two_effects_and_illegal_action_rejection
FAILED backend/tests/test_uno_deck_and_game_end.py::test_draw_reshuffles_discard_except_top_and_preserves_card_zones
FAILED backend/tests/test_uno_deck_and_game_end.py::test_draw_with_empty_deck_and_no_recyclable_discard_finishes_by_hand_count
FAILED backend/tests/test_uno_deck_and_game_end.py::test_last_card_finishes_game_sets_winner_and_blocks_more_core_actions
FAILED backend/tests/test_uno_deck_and_game_end.py::test_reset_and_rematch_do_not_conflict_with_new_basic_round
FAILED backend/tests/test_uno_deck_and_game_end.py::test_public_private_snapshots_hide_other_hands_after_core_play
FAILED backend/tests/test_uno_deck_and_game_end.py::test_websocket_snapshot_after_basic_play_matches_state_and_private_scope
FAILED backend/tests/test_uno_wild_and_challenge.py::test_wild_requires_valid_color_and_chosen_color_controls_next_match
FAILED backend/tests/test_uno_wild_and_challenge.py::test_wild_play_action_id_is_idempotent_without_replaying_color_choice
FAILED backend/tests/test_uno_wild_and_challenge.py::test_wild_draw_four_opens_challenge_prompt_and_duplicate_play_has_no_side_effect
FAILED backend/tests/test_uno_wild_and_challenge.py::test_wild_draw_four_decline_challenge_draws_four_and_skips_target
FAILED backend/tests/test_uno_wild_and_challenge.py::test_wild_draw_four_challenge_success_and_failure_paths
FAILED backend/tests/test_uno_wild_and_challenge.py::test_wild_draw_four_prompt_rejects_wrong_responder_reuse_and_hides_hands
FAILED backend/tests/test_websocket_auth.py::test_websocket_valid_session_receives_private_snapshot_scoped_to_player
FAILED backend/tests/test_websocket_auth.py::test_websocket_non_current_player_cannot_spoof_play_or_draw
140 failed, 83 passed, 1 warning in 4.23s
