F....................................................................... [ 32%]
........................................................................ [ 65%]
........................................................................ [ 97%]
.....                                                                    [100%]
=================================== FAILURES ===================================
_________________ test_concurrent_join_allocates_unique_seats __________________
backend/tests/test_api_concurrency.py:36: in test_concurrent_join_allocates_unique_seats
    assert [status for status, _body in results] == [200] * 9
E   assert [200, 200, 40...200, 409, ...] == [200, 200, 20...200, 200, ...]
E     
E     At index 2 diff: 409 != 200
E     Use -v to get more diff
=============================== warnings summary ===============================
../../audit_venv/lib/python3.12/site-packages/starlette/testclient.py:40
  /workspace/scratch/ddf75736e5b3/audit_venv/lib/python3.12/site-packages/starlette/testclient.py:40: DeprecationWarning: The anyio.abc.BlockingPortal alias is deprecated, use anyio.from_thread.BlockingPortal instead.
    _PortalFactoryType = typing.Callable[[], typing.ContextManager[anyio.abc.BlockingPortal]]

-- Docs: https://docs.pytest.org/en/stable/how-to/capture-warnings.html
- generated xml file: /workspace/scratch/ddf75736e5b3/audit_evidence/legacy-ready-diagnostic.xml -
=========================== short test summary info ============================
FAILED backend/tests/test_api_concurrency.py::test_concurrent_join_allocates_unique_seats
1 failed, 220 passed, 1 warning in 2.86s
